Cloning into '/Users/fabien/Documents/GitHub/Argon2/deps/src/phc-winner-argon2'...
Building without optimizations
rm -f 'argon2' 'bench' 'genkat'
rm -f 'libargon2.1.dylib' 'libargon2.a' kat-argon2* 'libargon2.pc'
rm -f testcase
rm -rf *.dSYM
cd src/ && rm -f *.o
cd src/blake2/ && rm -f *.o
cd kats/ &&  rm -f kat-* diff* run_* make_*
Building without optimizations
cc -std=c89 -O3 -Wall -g -Iinclude -Isrc -pthread -dynamiclib -install_name /Users/fabien/Documents/GitHub/Argon2/deps/usr/lib/libargon2.1.dylib   src/argon2.c src/core.c src/blake2/blake2b.c src/thread.c src/encoding.c src/ref.c -o libargon2.1.dylib
cc -std=c89 -O3 -Wall -g -Iinclude -Isrc -pthread   -c -o src/argon2.o src/argon2.c
cc -std=c89 -O3 -Wall -g -Iinclude -Isrc -pthread   -c -o src/core.o src/core.c
cc -std=c89 -O3 -Wall -g -Iinclude -Isrc -pthread   -c -o src/blake2/blake2b.o src/blake2/blake2b.c
cc -std=c89 -O3 -Wall -g -Iinclude -Isrc -pthread   -c -o src/thread.o src/thread.c
cc -std=c89 -O3 -Wall -g -Iinclude -Isrc -pthread   -c -o src/encoding.o src/encoding.c
cc -std=c89 -O3 -Wall -g -Iinclude -Isrc -pthread   -c -o src/ref.o src/ref.c
ar rcs libargon2.a src/argon2.o src/core.o src/blake2/blake2b.o src/thread.o src/encoding.o src/ref.o
sed '/^##.*$/d; s#@PREFIX@#/Users/fabien/Documents/GitHub/Argon2/deps/usr#g; s#@EXTRA_LIBS@##g; s#@UPSTREAM_VER@#ZERO#g; s#@HOST_MULTIARCH@#lib#g; s#@INCLUDE@#include#g;' < 'libargon2.pc.in' > 'libargon2.pc'
[ Info: Cloning Argon2 reference source...
[ Info: Building libargon2 with CC=cc ...
[ Info: Wrote /Users/fabien/Documents/GitHub/Argon2/deps/deps.jl
Argon2 build finished successfully.
